// Jest Snapshot v1, https://jestjs.io/docs/snapshot-testing

exports[`Search component Search should render properly 1`] = `
<div>
  <div
    class="card"
  >
    <div
      class="card-header"
    >
      Search
    </div>
    <div
      class="card-body"
    >
      <form
        class=""
      >
        <div
          class="mb-3 row"
        >
          <label
            class="form-label col-form-label col-sm-3"
          >
            Device:
          </label>
          <div
            class="col-sm-9"
          >
            <select
              aria-label="Device"
              class="form-select"
            />
          </div>
        </div>
        <div
          class="mb-3 row"
        >
          <label
            class="form-label col-form-label col-sm-3"
          >
            From:
          </label>
          <div
            class="col-sm-9"
          >
            <input
              aria-label="From"
              class="form-control"
              type="datetime-local"
              value="2025-04-16T00:00"
            />
          </div>
        </div>
        <div
          class="mb-3 row"
        >
          <label
            class="form-label col-form-label col-sm-3"
          >
            To:
          </label>
          <div
            class="col-sm-9"
          >
            <input
              aria-label="To"
              class="form-control"
              type="datetime-local"
              value="2025-04-17T00:00"
            />
          </div>
        </div>
        <div
          class="mb-3 row"
        >
          <div
            class="col-sm-3"
          />
          <div
            class="col-sm-9"
          >
            <div
              class="btn-group"
              role="group"
            >
              <button
                class="btn btn-secondary"
                type="button"
              >
                <svg
                  aria-hidden="true"
                  class="svg-inline--fa fa-left-long"
                  data-icon="left-long"
                  data-prefix="fas"
                  role="img"
                  viewBox="0 0 576 512"
                >
                  <path
                    d="M9.4 278.6c-12.5-12.5-12.5-32.8 0-45.3l128-128c9.2-9.2 22.9-11.9 34.9-6.9S192 115.1 192 128l0 64 336 0c26.5 0 48 21.5 48 48l0 32c0 26.5-21.5 48-48 48l-336 0 0 64c0 12.9-7.8 24.6-19.8 29.6s-25.7 2.2-34.9-6.9l-128-128z"
                    fill="currentColor"
                  />
                </svg>
                <span
                  class="display-small"
                >
                    Previous
                </span>
              </button>
              <button
                class="btn btn-secondary"
                type="button"
              >
                <svg
                  aria-hidden="true"
                  class="svg-inline--fa fa-right-long"
                  data-icon="right-long"
                  data-prefix="fas"
                  role="img"
                  viewBox="0 0 576 512"
                >
                  <path
                    d="M566.6 233.4c12.5 12.5 12.5 32.8 0 45.3l-128 128c-9.2 9.2-22.9 11.9-34.9 6.9S384 396.9 384 384l0-64-336 0c-26.5 0-48-21.5-48-48l0-32c0-26.5 21.5-48 48-48l336 0 0-64c0-12.9 7.8-24.6 19.8-29.6s25.7-2.2 34.9 6.9l128 128z"
                    fill="currentColor"
                  />
                </svg>
                <span
                  class="display-small"
                >
                    Next
                </span>
              </button>
            </div>
          </div>
        </div>
      </form>
    </div>
  </div>
</div>
`;
